Archive member included because of file (symbol)

c:/winavr-20100110/bin/../lib/gcc/avr/4.3.3/avr5\libgcc.a(_exit.o)
                              c:/winavr-20100110/bin/../lib/gcc/avr/4.3.3/../../../../avr/lib/avr5/crtm32.o (exit)
c:/winavr-20100110/bin/../lib/gcc/avr/4.3.3/avr5\libgcc.a(_copy_data.o)
                              ./HAL/keypad_driver/key_programe.o (__do_copy_data)
c:/winavr-20100110/bin/../lib/gcc/avr/4.3.3/avr5\libgcc.a(_clear_bss.o)
                              ./MCAL/timers/programe_timer.o (__do_clear_bss)

Memory Configuration

Name             Origin             Length             Attributes
text             0x00000000         0x00020000         xr
data             0x00800060         0x0000ffa0         rw !x
eeprom           0x00810000         0x00010000         rw !x
fuse             0x00820000         0x00000400         rw !x
lock             0x00830000         0x00000400         rw !x
signature        0x00840000         0x00000400         rw !x
*default*        0x00000000         0xffffffff

Linker script and memory map

LOAD c:/winavr-20100110/bin/../lib/gcc/avr/4.3.3/../../../../avr/lib/avr5/crtm32.o
LOAD ./MCAL/timers/programe_timer.o
LOAD ./MCAL/mdio/mdio_programe.o
LOAD ./MCAL/MGIE/programe.o
LOAD ./MCAL/MEXTI/programe.o
LOAD ./HAL/keypad_driver/key_programe.o
LOAD ./HAL/LCD/LCD_PROGRAME.o
LOAD ./app.o
LOAD c:/winavr-20100110/bin/../lib/gcc/avr/4.3.3/avr5\libgcc.a
LOAD c:/winavr-20100110/bin/../lib/gcc/avr/4.3.3/../../../../avr/lib/avr5\libc.a
LOAD c:/winavr-20100110/bin/../lib/gcc/avr/4.3.3/avr5\libgcc.a

.hash
 *(.hash)

.dynsym
 *(.dynsym)

.dynstr
 *(.dynstr)

.gnu.version
 *(.gnu.version)

.gnu.version_d
 *(.gnu.version_d)

.gnu.version_r
 *(.gnu.version_r)

.rel.init
 *(.rel.init)

.rela.init
 *(.rela.init)

.rel.text
 *(.rel.text)
 *(.rel.text.*)
 *(.rel.gnu.linkonce.t*)

.rela.text
 *(.rela.text)
 *(.rela.text.*)
 *(.rela.gnu.linkonce.t*)

.rel.fini
 *(.rel.fini)

.rela.fini
 *(.rela.fini)

.rel.rodata
 *(.rel.rodata)
 *(.rel.rodata.*)
 *(.rel.gnu.linkonce.r*)

.rela.rodata
 *(.rela.rodata)
 *(.rela.rodata.*)
 *(.rela.gnu.linkonce.r*)

.rel.data
 *(.rel.data)
 *(.rel.data.*)
 *(.rel.gnu.linkonce.d*)

.rela.data
 *(.rela.data)
 *(.rela.data.*)
 *(.rela.gnu.linkonce.d*)

.rel.ctors
 *(.rel.ctors)

.rela.ctors
 *(.rela.ctors)

.rel.dtors
 *(.rel.dtors)

.rela.dtors
 *(.rela.dtors)

.rel.got
 *(.rel.got)

.rela.got
 *(.rela.got)

.rel.bss
 *(.rel.bss)

.rela.bss
 *(.rela.bss)

.rel.plt
 *(.rel.plt)

.rela.plt
 *(.rela.plt)

.text           0x00000000      0xd0a
 *(.vectors)
 .vectors       0x00000000       0x54 c:/winavr-20100110/bin/../lib/gcc/avr/4.3.3/../../../../avr/lib/avr5/crtm32.o
                0x00000000                __vectors
                0x00000000                __vector_default
 *(.vectors)
 *(.progmem.gcc*)
 *(.progmem*)
                0x00000054                . = ALIGN (0x2)
                0x00000054                __trampolines_start = .
 *(.trampolines)
 .trampolines   0x00000054        0x0 linker stubs
 *(.trampolines*)
                0x00000054                __trampolines_end = .
 *(.jumptables)
 *(.jumptables*)
 *(.lowtext)
 *(.lowtext*)
                0x00000054                __ctors_start = .
 *(.ctors)
                0x00000054                __ctors_end = .
                0x00000054                __dtors_start = .
 *(.dtors)
                0x00000054                __dtors_end = .
 SORT(*)(.ctors)
 SORT(*)(.dtors)
 *(.init0)
 .init0         0x00000054        0x0 c:/winavr-20100110/bin/../lib/gcc/avr/4.3.3/../../../../avr/lib/avr5/crtm32.o
                0x00000054                __init
 *(.init0)
 *(.init1)
 *(.init1)
 *(.init2)
 .init2         0x00000054        0xc c:/winavr-20100110/bin/../lib/gcc/avr/4.3.3/../../../../avr/lib/avr5/crtm32.o
 *(.init2)
 *(.init3)
 *(.init3)
 *(.init4)
 .init4         0x00000060       0x16 c:/winavr-20100110/bin/../lib/gcc/avr/4.3.3/avr5\libgcc.a(_copy_data.o)
                0x00000060                __do_copy_data
 .init4         0x00000076       0x10 c:/winavr-20100110/bin/../lib/gcc/avr/4.3.3/avr5\libgcc.a(_clear_bss.o)
                0x00000076                __do_clear_bss
 *(.init4)
 *(.init5)
 *(.init5)
 *(.init6)
 *(.init6)
 *(.init7)
 *(.init7)
 *(.init8)
 *(.init8)
 *(.init9)
 .init9         0x00000086        0x8 c:/winavr-20100110/bin/../lib/gcc/avr/4.3.3/../../../../avr/lib/avr5/crtm32.o
 *(.init9)
 *(.text)
 .text          0x0000008e        0x4 c:/winavr-20100110/bin/../lib/gcc/avr/4.3.3/../../../../avr/lib/avr5/crtm32.o
                0x0000008e                __vector_12
                0x0000008e                __bad_interrupt
                0x0000008e                __vector_6
                0x0000008e                __vector_3
                0x0000008e                __vector_13
                0x0000008e                __vector_17
                0x0000008e                __vector_19
                0x0000008e                __vector_7
                0x0000008e                __vector_5
                0x0000008e                __vector_4
                0x0000008e                __vector_9
                0x0000008e                __vector_2
                0x0000008e                __vector_15
                0x0000008e                __vector_8
                0x0000008e                __vector_14
                0x0000008e                __vector_16
                0x0000008e                __vector_18
                0x0000008e                __vector_20
 .text          0x00000092        0x0 ./MCAL/timers/programe_timer.o
 .text          0x00000092        0x0 ./MCAL/mdio/mdio_programe.o
 .text          0x00000092        0x0 ./MCAL/MGIE/programe.o
 .text          0x00000092        0x0 ./MCAL/MEXTI/programe.o
 .text          0x00000092        0x0 ./HAL/keypad_driver/key_programe.o
 .text          0x00000092        0x0 ./HAL/LCD/LCD_PROGRAME.o
 .text          0x00000092        0x0 ./app.o
 .text          0x00000092        0x0 c:/winavr-20100110/bin/../lib/gcc/avr/4.3.3/avr5\libgcc.a(_exit.o)
 .text          0x00000092        0x0 c:/winavr-20100110/bin/../lib/gcc/avr/4.3.3/avr5\libgcc.a(_copy_data.o)
 .text          0x00000092        0x0 c:/winavr-20100110/bin/../lib/gcc/avr/4.3.3/avr5\libgcc.a(_clear_bss.o)
                0x00000092                . = ALIGN (0x2)
 *(.text.*)
 .text.timer_init
                0x00000092       0x26 ./MCAL/timers/programe_timer.o
                0x00000092                timer_init
 .text.timer_setpreload
                0x000000b8        0x4 ./MCAL/timers/programe_timer.o
                0x000000b8                timer_setpreload
 .text.timer_setctc
                0x000000bc        0x4 ./MCAL/timers/programe_timer.o
                0x000000bc                timer_setctc
 .text.timer_overflow_callback
                0x000000c0       0x1c ./MCAL/timers/programe_timer.o
                0x000000c0                timer_overflow_callback
 .text.timer_CTC_callback
                0x000000dc       0x1c ./MCAL/timers/programe_timer.o
                0x000000dc                timer_CTC_callback
 .text.clear_ovf_flag
                0x000000f8        0x8 ./MCAL/timers/programe_timer.o
                0x000000f8                clear_ovf_flag
 .text.timer0_stop
                0x00000100        0x4 ./MCAL/timers/programe_timer.o
                0x00000100                timer0_stop
 .text.delay_by_ovf
                0x00000104       0x2e ./MCAL/timers/programe_timer.o
                0x00000104                delay_by_ovf
 .text.__vector_10
                0x00000132       0x52 ./MCAL/timers/programe_timer.o
                0x00000132                __vector_10
 .text.__vector_11
                0x00000184       0x52 ./MCAL/timers/programe_timer.o
                0x00000184                __vector_11
 .text.mdio_setportdirection
                0x000001d6       0x2c ./MCAL/mdio/mdio_programe.o
                0x000001d6                mdio_setportdirection
 .text.mdio_setbindirection
                0x00000202       0xfa ./MCAL/mdio/mdio_programe.o
                0x00000202                mdio_setbindirection
 .text.mdio_setportvalue
                0x000002fc       0x2c ./MCAL/mdio/mdio_programe.o
                0x000002fc                mdio_setportvalue
 .text.mdio_setbinvalue
                0x00000328       0xfa ./MCAL/mdio/mdio_programe.o
                0x00000328                mdio_setbinvalue
 .text.mdio_Readport
                0x00000422       0x2e ./MCAL/mdio/mdio_programe.o
                0x00000422                mdio_Readport
 .text.mdio_Readbin
                0x00000450       0x4a ./MCAL/mdio/mdio_programe.o
                0x00000450                mdio_Readbin
 .text.mdio_togglepin
                0x0000049a       0x70 ./MCAL/mdio/mdio_programe.o
                0x0000049a                mdio_togglepin
 .text.mdio_setnibblevalue
                0x0000050a       0xac ./MCAL/mdio/mdio_programe.o
                0x0000050a                mdio_setnibblevalue
 .text.MGIE_enable
                0x000005b6        0x8 ./MCAL/MGIE/programe.o
                0x000005b6                MGIE_enable
 .text.MGIE_disable
                0x000005be        0x8 ./MCAL/MGIE/programe.o
                0x000005be                MGIE_disable
 .text.MEXIT_callback
                0x000005c6        0xe ./MCAL/MEXTI/programe.o
                0x000005c6                MEXIT_callback
 .text.__vector_1
                0x000005d4       0x52 ./MCAL/MEXTI/programe.o
                0x000005d4                __vector_1
 .text.MEXTI0_init
                0x00000626       0x14 ./MCAL/MEXTI/programe.o
                0x00000626                MEXTI0_init
 .text.MEXTI1_init
                0x0000063a        0x2 ./MCAL/MEXTI/programe.o
                0x0000063a                MEXTI1_init
 .text.MEXTI2_init
                0x0000063c        0x2 ./MCAL/MEXTI/programe.o
                0x0000063c                MEXTI2_init
 .text.key_get  0x0000063e       0xb2 ./HAL/keypad_driver/key_programe.o
                0x0000063e                key_get
 .text.key_init
                0x000006f0       0xa2 ./HAL/keypad_driver/key_programe.o
                0x000006f0                key_init
 .text.lcd_writechar4bit
                0x00000792       0x78 ./HAL/LCD/LCD_PROGRAME.o
                0x00000792                lcd_writechar4bit
 .text.lcd_writecmd
                0x0000080a       0x78 ./HAL/LCD/LCD_PROGRAME.o
                0x0000080a                lcd_writecmd
 .text.lcd_setposition
                0x00000882       0x20 ./HAL/LCD/LCD_PROGRAME.o
                0x00000882                lcd_setposition
 .text.lcd_init4bit
                0x000008a2       0xc4 ./HAL/LCD/LCD_PROGRAME.o
                0x000008a2                lcd_init4bit
 .text.main     0x00000966       0x40 ./app.o
                0x00000966                main
 .text.normal_mode
                0x000009a6      0x102 ./app.o
                0x000009a6                normal_mode
 .text.pedestrian_mode
                0x00000aa8      0x25e ./app.o
                0x00000aa8                pedestrian_mode
 .text.libgcc   0x00000d06        0x0 c:/winavr-20100110/bin/../lib/gcc/avr/4.3.3/avr5\libgcc.a(_exit.o)
 .text.libgcc   0x00000d06        0x0 c:/winavr-20100110/bin/../lib/gcc/avr/4.3.3/avr5\libgcc.a(_copy_data.o)
 .text.libgcc   0x00000d06        0x0 c:/winavr-20100110/bin/../lib/gcc/avr/4.3.3/avr5\libgcc.a(_clear_bss.o)
                0x00000d06                . = ALIGN (0x2)
 *(.fini9)
 .fini9         0x00000d06        0x0 c:/winavr-20100110/bin/../lib/gcc/avr/4.3.3/avr5\libgcc.a(_exit.o)
                0x00000d06                exit
                0x00000d06                _exit
 *(.fini9)
 *(.fini8)
 *(.fini8)
 *(.fini7)
 *(.fini7)
 *(.fini6)
 *(.fini6)
 *(.fini5)
 *(.fini5)
 *(.fini4)
 *(.fini4)
 *(.fini3)
 *(.fini3)
 *(.fini2)
 *(.fini2)
 *(.fini1)
 *(.fini1)
 *(.fini0)
 .fini0         0x00000d06        0x4 c:/winavr-20100110/bin/../lib/gcc/avr/4.3.3/avr5\libgcc.a(_exit.o)
 *(.fini0)
                0x00000d0a                _etext = .

.data           0x00800060       0x10 load address 0x00000d0a
                0x00800060                PROVIDE (__data_start, .)
 *(.data)
 .data          0x00800060        0x0 c:/winavr-20100110/bin/../lib/gcc/avr/4.3.3/../../../../avr/lib/avr5/crtm32.o
 .data          0x00800060        0x0 ./MCAL/timers/programe_timer.o
 .data          0x00800060        0x0 ./MCAL/mdio/mdio_programe.o
 .data          0x00800060        0x0 ./MCAL/MGIE/programe.o
 .data          0x00800060        0x0 ./MCAL/MEXTI/programe.o
 .data          0x00800060        0x0 ./HAL/keypad_driver/key_programe.o
 .data          0x00800060        0x0 ./HAL/LCD/LCD_PROGRAME.o
 .data          0x00800060        0x0 ./app.o
 .data          0x00800060        0x0 c:/winavr-20100110/bin/../lib/gcc/avr/4.3.3/avr5\libgcc.a(_exit.o)
 .data          0x00800060        0x0 c:/winavr-20100110/bin/../lib/gcc/avr/4.3.3/avr5\libgcc.a(_copy_data.o)
 .data          0x00800060        0x0 c:/winavr-20100110/bin/../lib/gcc/avr/4.3.3/avr5\libgcc.a(_clear_bss.o)
 *(.data*)
 .data.KEY_SWITCH_VALUES
                0x00800060       0x10 ./HAL/keypad_driver/key_programe.o
                0x00800060                KEY_SWITCH_VALUES
 *(.rodata)
 *(.rodata*)
 *(.gnu.linkonce.d*)
                0x00800070                . = ALIGN (0x2)
                0x00800070                _edata = .
                0x00800070                PROVIDE (__data_end, .)

.bss            0x00800070        0x6
                0x00800070                PROVIDE (__bss_start, .)
 *(.bss)
 .bss           0x00800070        0x0 c:/winavr-20100110/bin/../lib/gcc/avr/4.3.3/../../../../avr/lib/avr5/crtm32.o
 .bss           0x00800070        0x0 ./MCAL/timers/programe_timer.o
 .bss           0x00800070        0x0 ./MCAL/mdio/mdio_programe.o
 .bss           0x00800070        0x0 ./MCAL/MGIE/programe.o
 .bss           0x00800070        0x0 ./MCAL/MEXTI/programe.o
 .bss           0x00800070        0x0 ./HAL/keypad_driver/key_programe.o
 .bss           0x00800070        0x0 ./HAL/LCD/LCD_PROGRAME.o
 .bss           0x00800070        0x0 ./app.o
 .bss           0x00800070        0x0 c:/winavr-20100110/bin/../lib/gcc/avr/4.3.3/avr5\libgcc.a(_exit.o)
 .bss           0x00800070        0x0 c:/winavr-20100110/bin/../lib/gcc/avr/4.3.3/avr5\libgcc.a(_copy_data.o)
 .bss           0x00800070        0x0 c:/winavr-20100110/bin/../lib/gcc/avr/4.3.3/avr5\libgcc.a(_clear_bss.o)
 *(.bss*)
 .bss.glob_overflowisr_ptr
                0x00800070        0x2 ./MCAL/timers/programe_timer.o
                0x00800070                glob_overflowisr_ptr
 .bss.glob_ctcisr_ptr
                0x00800072        0x2 ./MCAL/timers/programe_timer.o
                0x00800072                glob_ctcisr_ptr
 .bss.Gptr      0x00800074        0x2 ./MCAL/MEXTI/programe.o
                0x00800074                Gptr
 *(COMMON)
                0x00800076                PROVIDE (__bss_end, .)
                0x00000d0a                __data_load_start = LOADADDR (.data)
                0x00000d1a                __data_load_end = (__data_load_start + SIZEOF (.data))

.noinit         0x00800076        0x0
                0x00800076                PROVIDE (__noinit_start, .)
 *(.noinit*)
                0x00800076                PROVIDE (__noinit_end, .)
                0x00800076                _end = .
                0x00800076                PROVIDE (__heap_start, .)

.eeprom         0x00810000        0x0
 *(.eeprom*)
                0x00810000                __eeprom_end = .

.fuse
 *(.fuse)
 *(.lfuse)
 *(.hfuse)
 *(.efuse)

.lock
 *(.lock*)

.signature
 *(.signature*)

.stab
 *(.stab)

.stabstr
 *(.stabstr)

.stab.excl
 *(.stab.excl)

.stab.exclstr
 *(.stab.exclstr)

.stab.index
 *(.stab.index)

.stab.indexstr
 *(.stab.indexstr)

.comment
 *(.comment)

.debug
 *(.debug)

.line
 *(.line)

.debug_srcinfo
 *(.debug_srcinfo)

.debug_sfnames
 *(.debug_sfnames)

.debug_aranges
 *(.debug_aranges)

.debug_pubnames
 *(.debug_pubnames)

.debug_info
 *(.debug_info)
 *(.gnu.linkonce.wi.*)

.debug_abbrev
 *(.debug_abbrev)

.debug_line
 *(.debug_line)

.debug_frame
 *(.debug_frame)

.debug_str
 *(.debug_str)

.debug_loc
 *(.debug_loc)

.debug_macinfo
 *(.debug_macinfo)
OUTPUT(fwd_traffic_light.elf elf32-avr)
LOAD linker stubs
